[2020-10-28T22:50:30.348+0800] Using Parallel
[2020-10-28T22:50:30.348+0800] Heap address: 0x00000000e0000000, size: 512 MB, Compressed Oops mode: 32-bit
[2020-10-28T22:50:31.179+0800] GC(0) Pause Young (Allocation Failure)
[2020-10-28T22:50:31.204+0800] GC(0) PSYoungGen: 131393K->21502K(153088K)
[2020-10-28T22:50:31.204+0800] GC(0) ParOldGen: 0K->28519K(349696K)
[2020-10-28T22:50:31.204+0800] GC(0) Metaspace: 6509K->6509K(1056768K)
[2020-10-28T22:50:31.204+0800] GC(0) Pause Young (Allocation Failure) 128M->48M(491M) 25.623ms
[2020-10-28T22:50:31.204+0800] GC(0) User=0.03s Sys=0.09s Real=0.03s
[2020-10-28T22:50:31.272+0800] GC(1) Pause Young (Allocation Failure)
[2020-10-28T22:50:31.326+0800] GC(1) PSYoungGen: 153086K->21494K(153088K)
[2020-10-28T22:50:31.326+0800] GC(1) ParOldGen: 28519K->78126K(349696K)
[2020-10-28T22:50:31.326+0800] GC(1) Metaspace: 6509K->6509K(1056768K)
[2020-10-28T22:50:31.327+0800] GC(1) Pause Young (Allocation Failure) 177M->97M(491M) 54.133ms
[2020-10-28T22:50:31.327+0800] GC(1) User=0.09s Sys=0.19s Real=0.05s
[2020-10-28T22:50:31.400+0800] GC(2) Pause Young (Allocation Failure)
[2020-10-28T22:50:31.434+0800] GC(2) PSYoungGen: 153078K->21497K(153088K)
[2020-10-28T22:50:31.434+0800] GC(2) ParOldGen: 78126K->122797K(349696K)
[2020-10-28T22:50:31.434+0800] GC(2) Metaspace: 6658K->6658K(1056768K)
[2020-10-28T22:50:31.434+0800] GC(2) Pause Young (Allocation Failure) 225M->140M(491M) 33.885ms
[2020-10-28T22:50:31.434+0800] GC(2) User=0.06s Sys=0.16s Real=0.03s
[2020-10-28T22:50:31.521+0800] GC(3) Pause Young (Allocation Failure)
[2020-10-28T22:50:31.557+0800] GC(3) PSYoungGen: 153081K->21503K(153088K)
[2020-10-28T22:50:31.558+0800] GC(3) ParOldGen: 122797K->169652K(349696K)
[2020-10-28T22:50:31.558+0800] GC(3) Metaspace: 7332K->7332K(1056768K)
[2020-10-28T22:50:31.558+0800] GC(3) Pause Young (Allocation Failure) 269M->186M(491M) 36.727ms
[2020-10-28T22:50:31.558+0800] GC(3) User=0.05s Sys=0.19s Real=0.04s
[2020-10-28T22:50:31.623+0800] GC(4) Pause Young (Allocation Failure)
[2020-10-28T22:50:31.661+0800] GC(4) PSYoungGen: 153087K->21502K(153088K)
[2020-10-28T22:50:31.661+0800] GC(4) ParOldGen: 169652K->220992K(349696K)
[2020-10-28T22:50:31.662+0800] GC(4) Metaspace: 7449K->7449K(1056768K)
[2020-10-28T22:50:31.662+0800] GC(4) Pause Young (Allocation Failure) 315M->236M(491M) 38.697ms
[2020-10-28T22:50:31.662+0800] GC(4) User=0.06s Sys=0.17s Real=0.04s
[2020-10-28T22:50:31.726+0800] GC(5) Pause Young (Allocation Failure)
[2020-10-28T22:50:31.761+0800] GC(5) PSYoungGen: 153086K->21492K(80384K)
[2020-10-28T22:50:31.761+0800] GC(5) ParOldGen: 220992K->268077K(349696K)
[2020-10-28T22:50:31.761+0800] GC(5) Metaspace: 7449K->7449K(1056768K)
[2020-10-28T22:50:31.761+0800] GC(5) Pause Young (Allocation Failure) 365M->282M(420M) 35.256ms
[2020-10-28T22:50:31.761+0800] GC(5) User=0.09s Sys=0.16s Real=0.03s
[2020-10-28T22:50:31.792+0800] GC(6) Pause Young (Allocation Failure)
[2020-10-28T22:50:31.807+0800] GC(6) PSYoungGen: 80372K->40734K(116736K)
[2020-10-28T22:50:31.807+0800] GC(6) ParOldGen: 268077K->274111K(349696K)
[2020-10-28T22:50:31.807+0800] GC(6) Metaspace: 7449K->7449K(1056768K)
[2020-10-28T22:50:31.807+0800] GC(6) Pause Young (Allocation Failure) 340M->307M(455M) 14.578ms
[2020-10-28T22:50:31.807+0800] GC(6) User=0.08s Sys=0.02s Real=0.01s
[2020-10-28T22:50:31.837+0800] GC(7) Pause Young (Allocation Failure)
[2020-10-28T22:50:31.851+0800] GC(7) PSYoungGen: 99614K->56653K(116736K)
[2020-10-28T22:50:31.851+0800] GC(7) ParOldGen: 274111K->276998K(349696K)
[2020-10-28T22:50:31.851+0800] GC(7) Metaspace: 7449K->7449K(1056768K)
[2020-10-28T22:50:31.851+0800] GC(7) Pause Young (Allocation Failure) 364M->325M(455M) 13.963ms
[2020-10-28T22:50:31.852+0800] GC(7) User=0.06s Sys=0.03s Real=0.02s
[2020-10-28T22:50:31.882+0800] GC(8) Pause Young (Allocation Failure)
[2020-10-28T22:50:31.904+0800] GC(8) PSYoungGen: 115533K->57847K(116736K)
[2020-10-28T22:50:31.904+0800] GC(8) ParOldGen: 276998K->291992K(349696K)
[2020-10-28T22:50:31.904+0800] GC(8) Metaspace: 7449K->7449K(1056768K)
[2020-10-28T22:50:31.905+0800] GC(8) Pause Young (Allocation Failure) 383M->341M(455M) 22.357ms
[2020-10-28T22:50:31.905+0800] GC(8) User=0.02s Sys=0.08s Real=0.02s
[2020-10-28T22:50:31.905+0800] GC(9) Pause Full (Ergonomics)
[2020-10-28T22:50:31.905+0800] GC(9) Marking Phase
[2020-10-28T22:50:31.921+0800] GC(9) Marking Phase 16.025ms
[2020-10-28T22:50:31.922+0800] GC(9) Summary Phase
[2020-10-28T22:50:31.922+0800] GC(9) Summary Phase 0.143ms
[2020-10-28T22:50:31.922+0800] GC(9) Adjust Roots
[2020-10-28T22:50:31.929+0800] GC(9) Adjust Roots 6.779ms
[2020-10-28T22:50:31.929+0800] GC(9) Compaction Phase
[2020-10-28T22:50:31.966+0800] GC(9) Compaction Phase 36.712ms
[2020-10-28T22:50:31.966+0800] GC(9) Post Compact
[2020-10-28T22:50:31.972+0800] GC(9) Post Compact 6.455ms
[2020-10-28T22:50:31.973+0800] GC(9) PSYoungGen: 57847K->0K(116736K)
[2020-10-28T22:50:31.973+0800] GC(9) ParOldGen: 291992K->239716K(349696K)
[2020-10-28T22:50:31.973+0800] GC(9) Metaspace: 7449K->7449K(1056768K)
[2020-10-28T22:50:31.973+0800] GC(9) Pause Full (Ergonomics) 341M->234M(455M) 67.517ms
[2020-10-28T22:50:31.973+0800] GC(9) User=0.30s Sys=0.02s Real=0.07s
[2020-10-28T22:50:32.043+0800] Heap
[2020-10-28T22:50:32.043+0800]  PSYoungGen      total 116736K, used 3497K [0x00000000f5580000, 0x0000000100000000, 0x0000000100000000)
[2020-10-28T22:50:32.043+0800]   eden space 58880K, 5% used [0x00000000f5580000,0x00000000f58ea458,0x00000000f8f00000)
[2020-10-28T22:50:32.043+0800]   from space 57856K, 0% used [0x00000000fc780000,0x00000000fc780000,0x0000000100000000)
[2020-10-28T22:50:32.044+0800]   to   space 57856K, 0% used [0x00000000f8f00000,0x00000000f8f00000,0x00000000fc780000)
[2020-10-28T22:50:32.044+0800]  ParOldGen       total 349696K, used 239716K [0x00000000e0000000, 0x00000000f5580000, 0x00000000f5580000)
[2020-10-28T22:50:32.044+0800]   object space 349696K, 68% used [0x00000000e0000000,0x00000000eea19328,0x00000000f5580000)
[2020-10-28T22:50:32.044+0800]  Metaspace       used 7699K, capacity 7792K, committed 7936K, reserved 1056768K
[2020-10-28T22:50:32.044+0800]   class space    used 691K, capacity 722K, committed 768K, reserved 1048576K
