[2020-10-28T22:49:52.025+0800] Using Serial
[2020-10-28T22:49:52.026+0800] Heap address: 0x00000000e0000000, size: 512 MB, Compressed Oops mode: 32-bit
[2020-10-28T22:49:52.993+0800] GC(0) Pause Young (Allocation Failure)
[2020-10-28T22:49:53.123+0800] GC(0) DefNew: 139776K->17472K(157248K)
[2020-10-28T22:49:53.123+0800] GC(0) Tenured: 0K->30865K(349568K)
[2020-10-28T22:49:53.123+0800] GC(0) Metaspace: 6519K->6519K(1056768K)
[2020-10-28T22:49:53.123+0800] GC(0) Pause Young (Allocation Failure) 136M->47M(494M) 130.083ms
[2020-10-28T22:49:53.123+0800] GC(0) User=0.05s Sys=0.08s Real=0.13s
[2020-10-28T22:49:53.221+0800] GC(1) Pause Young (Allocation Failure)
[2020-10-28T22:49:53.372+0800] GC(1) DefNew: 157248K->17472K(157248K)
[2020-10-28T22:49:53.372+0800] GC(1) Tenured: 30865K->75209K(349568K)
[2020-10-28T22:49:53.373+0800] GC(1) Metaspace: 7326K->7326K(1056768K)
[2020-10-28T22:49:53.373+0800] GC(1) Pause Young (Allocation Failure) 183M->90M(494M) 150.813ms
[2020-10-28T22:49:53.373+0800] GC(1) User=0.13s Sys=0.06s Real=0.15s
[2020-10-28T22:49:53.456+0800] GC(2) Pause Young (Allocation Failure)
[2020-10-28T22:49:53.570+0800] GC(2) DefNew: 157248K->17472K(157248K)
[2020-10-28T22:49:53.570+0800] GC(2) Tenured: 75209K->122476K(349568K)
[2020-10-28T22:49:53.571+0800] GC(2) Metaspace: 7449K->7449K(1056768K)
[2020-10-28T22:49:53.571+0800] GC(2) Pause Young (Allocation Failure) 227M->136M(494M) 115.628ms
[2020-10-28T22:49:53.571+0800] GC(2) User=0.06s Sys=0.06s Real=0.12s
[2020-10-28T22:49:53.684+0800] Heap
[2020-10-28T22:49:53.684+0800]  def new generation   total 157248K, used 113964K [0x00000000e0000000, 0x00000000eaaa0000, 0x00000000eaaa0000)
[2020-10-28T22:49:53.684+0800]   eden space 139776K,  69% used [0x00000000e0000000, 0x00000000e5e3b0e8, 0x00000000e8880000)
[2020-10-28T22:49:53.684+0800]   from space 17472K, 100% used [0x00000000e9990000, 0x00000000eaaa0000, 0x00000000eaaa0000)
[2020-10-28T22:49:53.684+0800]   to   space 17472K,   0% used [0x00000000e8880000, 0x00000000e8880000, 0x00000000e9990000)
[2020-10-28T22:49:53.684+0800]  tenured generation   total 349568K, used 122476K [0x00000000eaaa0000, 0x0000000100000000, 0x0000000100000000)
[2020-10-28T22:49:53.685+0800]    the space 349568K,  35% used [0x00000000eaaa0000, 0x00000000f223b3d0, 0x00000000f223b400, 0x0000000100000000)
[2020-10-28T22:49:53.685+0800]  Metaspace       used 7711K, capacity 7792K, committed 7936K, reserved 1056768K
[2020-10-28T22:49:53.685+0800]   class space    used 691K, capacity 722K, committed 768K, reserved 1048576K
